mode: set
_/mnt/hgfs/github/jiuyinzhenjing/0002_gosrc/gopl_learn/036_go_demo_base/test/word/word/word.go:6.34,7.19 1 1
_/mnt/hgfs/github/jiuyinzhenjing/0002_gosrc/gopl_learn/036_go_demo_base/test/word/word/word.go:12.2,12.13 1 1
_/mnt/hgfs/github/jiuyinzhenjing/0002_gosrc/gopl_learn/036_go_demo_base/test/word/word/word.go:7.19,8.28 1 1
_/mnt/hgfs/github/jiuyinzhenjing/0002_gosrc/gopl_learn/036_go_demo_base/test/word/word/word.go:8.28,10.4 1 1
